// Jest Snapshot v1, https://goo.gl/fbAQLP

exports[`Search container render correctly 1`] = `ReactWrapper {}`;

exports[`Search container with value render correctly 1`] = `ReactWrapper {}`;
