// Jest Snapshot v1, https://goo.gl/fbAQLP

exports[`ArticleDetail component renders correctly 1`] = `ShallowWrapper {}`;
